=== loop i3 perf brain-v0 @ 2026-09-15T19:09:31Z ===
--- benchmarks con la ISA de deploy (linea base publicable) ---
== preset bench-deployisa (deploy-isa) ==
2026-09-15T15:09:32-04:00
Running ./build/bench-deployisa/bin/bench_engine
Run on (8 X 3000.01 MHz CPU s)
CPU Caches:
  L1 Data 32 KiB (x8)
  L1 Instruction 32 KiB (x8)
  L2 Unified 256 KiB (x8)
  L3 Unified 12288 KiB (x1)
Load Average: 0.58, 1.16, 1.27
***WARNING*** Library was built as DEBUG. Timings may be affected.
--------------------------------------------------------------------------------
Benchmark                      Time             CPU   Iterations UserCounters...
--------------------------------------------------------------------------------
bm_apply_mean                174 ns          169 ns            5 items_per_second=5.94188M/s
bm_apply_median              170 ns          165 ns            5 items_per_second=6.05355M/s
bm_apply_stddev             8.19 ns         7.96 ns            5 items_per_second=277.575k/s
bm_apply_cv                 4.72 %          4.72 %             5 items_per_second=4.67%
bm_legal_moves_mean         52.7 ns         51.1 ns            5 items_per_second=19.6368M/s
bm_legal_moves_median       51.5 ns         50.1 ns            5 items_per_second=19.9707M/s
bm_legal_moves_stddev       2.94 ns         2.95 ns            5 items_per_second=1.06107M/s
bm_legal_moves_cv           5.59 %          5.78 %             5 items_per_second=5.40%
bm_copy_state_mean          9.43 ns         9.06 ns            5 items_per_second=110.329M/s
bm_copy_state_median        9.41 ns         9.04 ns            5 items_per_second=110.597M/s
bm_copy_state_stddev       0.064 ns        0.061 ns            5 items_per_second=743.966k/s
bm_copy_state_cv            0.68 %          0.68 %             5 items_per_second=0.67%
bm_decide_mean               593 ns          570 ns            5 items_per_second=1.75349M/s
bm_decide_median             591 ns          568 ns            5 items_per_second=1.76067M/s
bm_decide_stddev            4.74 ns         4.43 ns            5 items_per_second=13.583k/s
bm_decide_cv                0.80 %          0.78 %             5 items_per_second=0.77%

resultados en docs/results/bench-20260915T190932Z-deploy-isa.json (etiqueta: deploy-isa)
--- benchmarks con -march=native (local-only, solo para comparar) ---
== preset bench (local-only) ==
CMake Warning:
  Manually-specified variables were not used by the project:

    CMAKE_C_COMPILER


2026-09-15T15:10:08-04:00
Running ./build/bench/bin/bench_engine
Run on (8 X 3000.01 MHz CPU s)
CPU Caches:
  L1 Data 32 KiB (x8)
  L1 Instruction 32 KiB (x8)
  L2 Unified 256 KiB (x8)
  L3 Unified 12288 KiB (x1)
Load Average: 0.93, 1.19, 1.27
***WARNING*** Library was built as DEBUG. Timings may be affected.
--------------------------------------------------------------------------------
Benchmark                      Time             CPU   Iterations UserCounters...
--------------------------------------------------------------------------------
bm_apply_mean                176 ns          172 ns            5 items_per_second=5.83588M/s
bm_apply_median              173 ns          169 ns            5 items_per_second=5.90044M/s
bm_apply_stddev             6.62 ns         6.72 ns            5 items_per_second=218.936k/s
bm_apply_cv                 3.77 %          3.92 %             5 items_per_second=3.75%
bm_legal_moves_mean         50.2 ns         47.9 ns            5 items_per_second=20.9297M/s
bm_legal_moves_median       49.0 ns         46.7 ns            5 items_per_second=21.3995M/s
bm_legal_moves_stddev       2.84 ns         2.72 ns            5 items_per_second=1.10807M/s
bm_legal_moves_cv           5.66 %          5.69 %             5 items_per_second=5.29%
bm_copy_state_mean          9.78 ns         9.33 ns            5 items_per_second=107.216M/s
bm_copy_state_median        9.74 ns         9.28 ns            5 items_per_second=107.762M/s
bm_copy_state_stddev       0.114 ns        0.110 ns            5 items_per_second=1.262M/s
bm_copy_state_cv            1.16 %          1.18 %             5 items_per_second=1.18%
bm_decide_mean               580 ns          562 ns            5 items_per_second=1.77996M/s
bm_decide_median             578 ns          561 ns            5 items_per_second=1.78143M/s
bm_decide_stddev            6.94 ns         6.90 ns            5 items_per_second=21.6413k/s
bm_decide_cv                1.20 %          1.23 %             5 items_per_second=1.22%

resultados en docs/results/bench-20260915T191008Z-local-only.json (etiqueta: local-only)
AVISO local-only: estos numeros NO pueden publicarse como linea base
--- asignaciones en el hot path (allocator instrumentado) ---
Filters: [perf]
RNG seed: 3968244786
All tests passed (5 assertions in 1 test case)


--- latencia end-to-end sobre los fixtures ---
fixtures=13 peticiones=3900 p50=0.39ms p99=0.59ms max=24.28ms
OK   todos los movimientos legales y dentro del presupuesto
